     1                                  ; this file gives the defination of random number generator function
     2                                  ; and a prototype for calling this function
     3                                  [org 0x0100]
     4                                  
     5 00000000 E9FC0B                  jmp start
     6                                  
     7 00000003 507265737320532066-     startStr: db 'Press S for Single player and M for Multiplayer game', 0
     7 0000000C 6F722053696E676C65-
     7 00000015 20706C617965722061-
     7 0000001E 6E64204D20666F7220-
     7 00000027 4D756C7469706C6179-
     7 00000030 65722067616D6500   
     8 00000038 507265737320616E79-     startStr2:db 'Press any key to Start the game', 0
     8 00000041 206B657920746F2053-
     8 0000004A 746172742074686520-
     8 00000053 67616D6500         
     9 00000058 53636F72653A2000        strScore: db 'Score: ', 0
    10 00000060 4D69737365643A00        strMissed: db'Missed:', 0
    11                                  
    12 00000068 4D55424152414B414E-     winText: db 'MUBARAKAN!!!! Tusi Jeet Gaye O',0
    12 00000071 212121212054757369-
    12 0000007A 204A65657420476179-
    12 00000083 65204F00           
    13 00000087 4F206A6161206F6179-     lossText: db 'O jaa oay haar gaye itni asaan game mein ',0
    13 00000090 206861617220676179-
    13 00000099 652069746E69206173-
    13 000000A2 61616E2067616D6520-
    13 000000AB 6D65696E2000       
    14 000000B1 596F7520717569742E-     gameOverText:db 'You quit. Why bro game mein chass nai ayi?',0
    14 000000BA 205768792062726F20-
    14 000000C3 67616D65206D65696E-
    14 000000CC 206368617373206E61-
    14 000000D5 69206179693F00     
    15                                  
    16                                  
    17 000000DC 47616D65204F766572-     endStr: db 'Game Over', 0
    17 000000E5 00                 
    18 000000E6 507265737320452074-     endStr2: db 'Press E to end and Press R to restart game', 0
    18 000000EF 6F20656E6420616E64-
    18 000000F8 205072657373205220-
    18 00000101 746F20726573746172-
    18 0000010A 742067616D6500     
    19                                  
    20 00000111 0000                    rand: dw 0
    21 00000113 0000                    randnum: dw 0
    22                                  
    23                                  ;Saving the old ISR for unhooking and jmp far functionality
    24 00000115 00000000                oldTimer: dd 0
    25 00000119 00000000                oldKeyboard: dd 0
    26                                  
    27                                  
    28                                  ;Single Player or Multiplayer
    29 0000011D 0000                    singlePlayer: dw 0
    30 0000011F 0000                    multiPlayer: dw 0
    31                                  
    32                                  ;ASCII of the 5 chaarcters will be stored in these variables
    33 00000121 0000                    char1: dw 0
    34 00000123 0000                    char2: dw 0
    35 00000125 0000                    char3: dw 0
    36 00000127 0000                    char4: dw 0
    37 00000129 0000                    char5: dw 0
    38                                  
    39                                  ;If the characters have to be printed or not (used just when the program is started)
    40 0000012B 0000                    charBool1:dw 0
    41 0000012D 0000                    charBool2: dw 0
    42 0000012F 0000                    charBool3: dw 0
    43 00000131 0000                    charBool4: dw 0
    44 00000133 0000                    charBool5: dw 0
    45                                  
    46                                  ;for the speed of the characters
    47 00000135 0000                    speed1: dw 0
    48 00000137 0000                    speed2:dw 0
    49 00000139 0000                    speed3: dw 0
    50 0000013B 0000                    speed4: dw 0
    51 0000013D 0000                    speed5: dw 0
    52                                  
    53                                  ;the constant speed of the characters. it is reduced when score is above 8
    54 0000013F 0F00                    time1: dw 15
    55 00000141 1400                    time2: dw 20
    56 00000143 0500                    time3: dw 5
    57 00000145 1100                    time4: dw 17
    58 00000147 0700                    time5: dw 7
    59                                  
    60                                  ;for the timer of the game
    61 00000149 0000                    speedSW: dw 0
    62 0000014B 0000                    SWsec: dw 0
    63 0000014D 0000                    SWmin: dw 0
    64                                  
    65                                  ;positions of the falling alphabets
    66 0000014F 0000                    position1: dw 0
    67 00000151 0000                    position2: dw 0
    68 00000153 0000                    position3: dw 0
    69 00000155 0000                    position4: dw 0
    70 00000157 0000                    position5: dw 0
    71                                  
    72                                  ;score variable and missed variable
    73 00000159 0000                    score: dw 0
    74 0000015B 0000                    missed: dw 0
    75                                  
    76                                  ;position of the box
    77 0000015D 500F                    boxPosition: dw 3920  ;for single player
    78                                  
    79 0000015F 280F                    boxPosition2: dw 3880
    80 00000161 780F                    boxPosition1: dw 3960
    81                                  
    82                                  ;boolean variables for winning and losing condition
    83 00000163 0000                    matchLost: dw 0
    84 00000165 0000                    matchWon:dw 0
    85                                  
    86 00000167 0000                    gameOver: dw 0
    87                                  
    88 00000169 0000                    playAgain: dw 0
    89                                  
    90                                  ;for speed 2x
    91 0000016B 0000                    shift: dw 0
    92                                  
    93                                  
    94                                  ;for stopWatch
    95 0000016D 0000                    timertick: dw 0
    96 0000016F 0000                    mins: dw 0
    97 00000171 0000                    secs: dw 0
    98                                  
    99                                  
   100                                  printNumber:
   101 00000173 55                          push bp
   102 00000174 89E5                        mov bp, sp
   103 00000176 06                          push es
   104 00000177 50                          push ax
   105 00000178 53                          push bx
   106 00000179 51                          push cx
   107 0000017A 52                          push dx
   108 0000017B 57                          push di
   109 0000017C 6800B8                  	push 0xb800
   110 0000017F 07                      	pop es
   111 00000180 8B4604                      mov ax, [bp+4] ; load number in ax
   112 00000183 BB0A00                      mov bx, 10 ; use base 10 for division
   113 00000186 B90000                      mov cx, 0 ; initialize count of digits
   114                                  	
   115                                  nextDigit:
   116 00000189 BA0000                      mov dx, 0 ; zero upper half of dividend
   117 0000018C F7F3                        div bx ; divide by 10
   118 0000018E 80C230                      add dl, 0x30 ; convert digit into ascii value
   119 00000191 52                          push dx ; save ascii value on stack
   120 00000192 41                          inc cx ; increment count of values
   121 00000193 83F800                      cmp ax, 0 ; is the quotient zero
   122 00000196 75F1                        jnz nextDigit ; if no divide it again
   123 00000198 8B7E06                      mov di, [bp+6] ; point di to 70th column
   124                                  	
   125                                  nextPosition:
   126 0000019B 5A                          pop dx ; remove a digit from the stack
   127 0000019C B607                        mov dh, 0x07 ; use normal attribute
   128 0000019E 268915                      mov [es:di], dx ; print char on screen
   129 000001A1 83C702                      add di, 2 ; move to next screen location
   130 000001A4 E2F5                        loop nextPosition ; repeat for all digits on stack
   131 000001A6 5F                          pop di
   132 000001A7 5A                          pop dx
   133 000001A8 59                          pop cx
   134 000001A9 5B                          pop bx
   135 000001AA 58                          pop ax
   136 000001AB 07                          pop es
   137 000001AC 5D                          pop bp
   138 000001AD C20400                      ret 4
   139                                  
   140                                  printstr:
   141 000001B0 55                      	push bp
   142 000001B1 89E5                    	  mov  bp, sp 
   143 000001B3 06                      	  push es 
   144 000001B4 50                      	  push ax 
   145 000001B5 51                      	  push cx 
   146 000001B6 56                      	  push si 
   147 000001B7 57                      	  push di 
   148                                  
   149 000001B8 1E                      	  push ds  
   150 000001B9 07                      	  pop  es                 ; load ds in es 
   151 000001BA 8B7E04                  	  mov  di, [bp+4]         ; point di to string 
   152 000001BD B9FFFF                  	  mov  cx, 0xffff         ; load maximum number in cx 
   153 000001C0 30C0                    	  xor  al, al             ; load a zero in al 
   154 000001C2 F2AE                    	  repne scasb             ; find zero in the string 
   155 000001C4 B8FFFF                  	  mov  ax, 0xffff         ; load maximum number in ax 
   156 000001C7 29C8                    	  sub  ax, cx             ; find change in cx 
   157 000001C9 48                      	  dec  ax                 ; exclude null from length 
   158 000001CA 741E                    	  jz   exit               ; no printing if string is empty
   159                                  
   160 000001CC 89C1                    	  mov  cx, ax             ; load string length in cx 
   161 000001CE B800B8                  	  mov  ax, 0xb800 
   162 000001D1 8EC0                    	  mov  es, ax             ; point es to video base 
   163 000001D3 B050                    	  mov  al, 80             ; load al with columns per row 
   164 000001D5 F66608                  	  mul  byte [bp+8]        ; multiply with y position 
   165 000001D8 03460A                  	  add  ax, [bp+10]        ; add x position 
   166 000001DB D1E0                    	  shl  ax, 1              ; turn into byte offset 
   167 000001DD 89C7                    	  mov  di,ax              ; point di to required location 
   168 000001DF 8B7604                  	  mov  si, [bp+4]         ; point si to string 
   169 000001E2 8A6606                  	  mov  ah, [bp+6]         ; load attribute in ah 
   170                                  
   171 000001E5 FC                      	  cld                     ; auto increment mode 
   172 000001E6 AC                      nextchar:     lodsb                   ; load next char in al 
   173 000001E7 AB                      	  stosw                   ; print char/attribute pair 
   174 000001E8 E2FC                    	  loop nextchar           ; repeat for the whole string 
   175                                  
   176 000001EA 5F                      exit:         pop  di 
   177 000001EB 5E                      	  pop  si 
   178 000001EC 59                      	  pop  cx 
   179 000001ED 58                      	  pop  ax 
   180 000001EE 07                      	  pop  es 
   181 000001EF 5D                      	  pop  bp 
   182 000001F0 C20800                  	  ret  8
   183                                  	  
   184                                  	  
   185                                  	  
   186                                  printBox:
   187 000001F3 55                      push bp
   188 000001F4 89E5                    mov bp, sp
   189 000001F6 50                      push ax
   190 000001F7 57                      push di
   191 000001F8 B800B8                  mov ax, 0xb800
   192 000001FB 8EC0                    mov es, ax
   193 000001FD 8B3E[5D01]              mov di, [boxPosition]
   194 00000201 B407                    mov ah, 07
   195 00000203 B0DC                    mov al, 0xDC
   196 00000205 268905                  mov [es:di], ax
   197 00000208 5F                      pop di
   198 00000209 58                      pop ax
   199 0000020A 5D                      pop bp
   200 0000020B C3                      ret
   201                                  
   202                                   StartMenu:
   203                                  ; this is for the static start menu to display on screen at start of the game
   204 0000020C 55                      push bp
   205 0000020D 89E5                    mov bp, sp
   206 0000020F E8C502                  call clrscr
   207 00000212 60                      pusha
   208 00000213 56                      push si
   209 00000214 57                      push di
   210                                  
   211                                  printAgain:
   212 00000215 6A0C                    push 12 ;x position
   213 00000217 6A0A                    push 10; y position
   214 00000219 6A6B                    push 6Bh ;attribute
   215 0000021B 68[0300]                push startStr
   216 0000021E E88FFF                  call printstr
   217 00000221 B400                    mov ah, 0
   218 00000223 CD16                    int 16h ;wait for a keystroke
   219                                  
   220 00000225 3C73                    cmp al, 's'
   221 00000227 7409                    jz aagayS
   222 00000229 3C6D                    cmp al, 'm'
   223 0000022B 740D                    jz aagayM
   224 0000022D E8A702                  call clrscr
   225 00000230 EBE3                    jmp printAgain
   226                                  
   227                                  aagayS:
   228 00000232 C706[1D01]0100          mov word [singlePlayer], 1
   229 00000238 EB06                    jmp aagay
   230                                  aagayM:
   231 0000023A C706[1F01]0100          mov word [multiPlayer], 1
   232                                  aagay:
   233 00000240 E89402                  call clrscr
   234 00000243 6A14                    push 20
   235 00000245 6A0A                    push 10
   236 00000247 6A6B                    push 6Bh
   237 00000249 68[3800]                push startStr2
   238 0000024C E861FF                  call printstr
   239 0000024F B400                    mov ah, 0
   240 00000251 CD16                    int 16h
   241                                  
   242 00000253 5F                      pop di
   243 00000254 5E                      pop si
   244 00000255 61                      popa
   245 00000256 5D                      pop bp
   246 00000257 C3                      ret
   247                                  
   248                                  
   249                                  endMenu:
   250 00000258 55                      push bp
   251 00000259 89E5                    mov bp, sp
   252                                  ; push 30
   253                                  ; push 10
   254                                  ; push 9Bh
   255                                  ; push endStr
   256                                  ; call printstr
   257                                  
   258                                  
   259                                  
   260                                  ; push 15
   261                                  ; push 12
   262                                  ; push 9Bh
   263                                  ; push endStr2
   264                                  ; call printstr
   265                                  
   266 0000025B 833E[6301]01            cmp word [matchLost],1
   267 00000260 7413                    jz Lost
   268                                  
   269 00000262 833E[6501]01            cmp word [matchWon],1
   270 00000267 741A                    jz Won
   271                                  
   272 00000269 833E[6701]01            cmp word [gameOver],1
   273 0000026E 7421                    jz over
   274                                  
   275 00000270 EB2B                    jmp endofMenu
   276 00000272 E86202                  call clrscr
   277                                  Lost:
   278                                  	
   279 00000275 6A0F                    	push 15
   280 00000277 6A0C                    	push 12
   281 00000279 6A6B                    	push 6Bh
   282 0000027B 68[8700]                	push lossText
   283 0000027E E82FFF                  	call printstr
   284 00000281 EB1A                    	jmp endofMenu
   285                                  Won:
   286 00000283 6A0F                    	push 15
   287 00000285 6A0C                    	push 12
   288 00000287 6A6B                    	push 6Bh
   289 00000289 68[6800]                	push winText
   290 0000028C E821FF                  	call printstr
   291 0000028F EB0C                    	jmp endofMenu
   292                                  over:
   293 00000291 6A1E                    	push 30
   294 00000293 6A0A                    	push 10
   295 00000295 6A6B                    	push 6Bh
   296 00000297 68[B100]                	push gameOverText
   297 0000029A E813FF                  	call printstr
   298                                  
   299                                  endofMenu:
   300 0000029D 5D                      pop bp
   301 0000029E C3                      ret
   302                                  
   303                                  ; stopWatch:
   304                                  ; push bp
   305                                  ; mov bp, sp
   306                                  ; inc word [speedSW]
   307                                  ; cmp [speedSW], 15
   308                                  ; jne endSW
   309                                  ; mov word [speedSW], 0
   310                                  
   311                                  
   312                                  ; endSW:
   313                                  ; pop bp
   314                                  ; ret
   315                                  
   316                                  randG:
   317 0000029F C706[1101]0000          mov word [rand],0
   318 000002A5 C706[1301]0000          mov word [randnum],0
   319 000002AB 55                      push bp
   320 000002AC 89E5                    mov bp, sp
   321 000002AE 60                      pusha
   322 000002AF 833E[1101]00            cmp word [rand], 0
   323 000002B4 750E                    jne next
   324 000002B6 B400                    MOV AH, 00h 
   325 000002B8 CD1A                    INT 1AH
   326 000002BA FF06[1101]              inc word [rand]
   327 000002BE 8916[1301]              mov [randnum], dx
   328 000002C2 EB0D                    jmp next1
   329                                  next:
   330 000002C4 B85562                  mov ax, 25173
   331 000002C7 F726[1301]              mul word  [randnum]
   332 000002CB 051936                  add ax, 13849
   333 000002CE A3[1301]                mov [randnum], ax
   334 000002D1 31D2                    next1:xor dx, dx
   335 000002D3 A1[1301]                mov ax, [randnum]
   336 000002D6 8B4E04                  mov cx, [bp+4]
   337 000002D9 41                      inc cx
   338 000002DA F7F1                    div cx
   339 000002DC 80C241                  add dl,'A'
   340 000002DF 895606                  mov [bp+6], dx
   341 000002E2 61                      popa
   342 000002E3 5D                      pop bp
   343 000002E4 C20200                  ret 2
   344                                  
   345                                  randGnum:
   346 000002E7 C706[1101]0000          mov word [rand],0
   347 000002ED C706[1301]0000          mov word [randnum],0
   348 000002F3 55                      push bp
   349 000002F4 89E5                    mov bp, sp
   350 000002F6 60                      pusha
   351 000002F7 833E[1101]00            cmp word [rand], 0
   352 000002FC 750E                    jne nextt
   353 000002FE B400                    MOV AH, 00h 
   354 00000300 CD1A                    INT 1AH
   355 00000302 FF06[1101]              inc word [rand]
   356 00000306 8916[1301]              mov [randnum], dx
   357 0000030A EB0D                    jmp next2
   358                                  nextt:
   359 0000030C B85562                  mov ax, 25173         
   360 0000030F F726[1301]              mul word  [randnum]   
   361 00000313 051936                  add ax, 13849     
   362 00000316 A3[1301]                mov [randnum], ax
   363 00000319 31D2                    next2:xor dx, dx
   364 0000031B A1[1301]                mov ax, [randnum]
   365 0000031E 8B4E04                  mov cx, [bp+4]
   366 00000321 41                      inc cx
   367 00000322 F7F1                    div cx
   368 00000324 895606                  mov [bp+6], dx
   369 00000327 61                      popa
   370 00000328 5D                      pop bp
   371 00000329 C20200                  ret 2
   372                                  
   373                                  
   374                                  ;increment score and increment missed subroutine
   375                                  incScore:
   376 0000032C 55                      push bp
   377 0000032D 89E5                    mov bp, sp
   378 0000032F 06                      push es
   379 00000330 50                      push ax
   380 00000331 57                      push di 
   381 00000332 8306[5901]01            add word [score], 1
   382 00000337 E85D00                  call winningCondition 
   383 0000033A 833E[6501]01            cmp word [matchWon], 1 
   384 0000033F 7409                    je jeetGaye
   385                                  ;display the score on screen as well
   386                                  
   387 00000341 6A4C                    push 76
   388 00000343 FF36[5901]              push word [score]
   389 00000347 E829FE                  call printNumber
   390                                  
   391                                  jeetGaye:
   392 0000034A 5F                      pop di
   393 0000034B 58                      pop ax
   394 0000034C 07                      pop es
   395 0000034D 5D                      pop bp
   396 0000034E C3                      ret
   397                                  
   398                                  incMissed:
   399 0000034F 55                      push bp
   400 00000350 89E5                    mov bp, sp
   401 00000352 06                      push es
   402 00000353 50                      push ax
   403 00000354 57                      push di
   404 00000355 8306[5B01]01            add word [missed], 1
   405                                  
   406                                  ;check for losing condition
   407 0000035A E81500                  call losingCondition
   408 0000035D 833E[6301]00            cmp word [matchLost], 0
   409 00000362 7509                    jne matchLostt ;will not display 10 on screen
   410                                  ;display the score on screen as well
   411                                  
   412 00000364 6A74                    push 116
   413 00000366 FF36[5B01]              push word [missed]
   414 0000036A E806FE                  call printNumber
   415                                  
   416                                  matchLostt:
   417 0000036D 5F                      pop di
   418 0000036E 58                      pop ax
   419 0000036F 07                      pop es
   420 00000370 5D                      pop bp
   421 00000371 C3                      ret
   422                                  
   423                                  losingCondition:
   424                                  ;returns 0in ax if match lost and 1 otherwise
   425 00000372 55                      push bp
   426 00000373 89E5                    mov bp, sp
   427 00000375 50                      push ax
   428                                  
   429 00000376 A1[5B01]                mov ax, [missed]
   430 00000379 833E[1F01]01            cmp word [multiPlayer], 1
   431 0000037E 7407                    je multiLose
   432                                  
   433 00000380 83F80A                  cmp ax, 10
   434 00000383 7409                    je lostMatch
   435 00000385 EB0D                    jmp endLosing
   436                                  
   437                                  multiLose:
   438 00000387 83F814                  cmp ax, 20
   439 0000038A 7402                    je lostMatch
   440 0000038C EB06                    jmp endLosing
   441                                  
   442                                  lostMatch:
   443 0000038E C706[6301]0100          mov word [matchLost], 1
   444                                  
   445                                  endLosing:
   446 00000394 58                      pop ax
   447 00000395 5D                      pop bp
   448 00000396 C3                      ret
   449                                  
   450                                  
   451                                  winningCondition:
   452 00000397 55                      push bp
   453 00000398 89E5                    mov bp,sp
   454 0000039A 50                      push ax
   455                                  
   456 0000039B 833E[1F01]01            cmp word [multiPlayer], 1
   457 000003A0 740D                    je multiWin
   458 000003A2 833E[5901]0A            cmp word [score], 10
   459 000003A7 7513                    jne endWinning
   460                                  
   461 000003A9 C706[6501]0100          mov word [matchWon], 1
   462                                  
   463                                  multiWin:
   464 000003AF 833E[5901]14            cmp word [score], 20
   465 000003B4 7506                    jne endWinning
   466 000003B6 C706[6501]0100          mov word [matchWon], 1
   467                                  
   468                                  endWinning:
   469 000003BC 58                      pop ax
   470 000003BD 5D                      pop bp
   471 000003BE C3                      ret
   472                                  
   473                                  
   474                                  changeEverything:
   475 000003BF 50                      push ax
   476 000003C0 83EC02                  sub sp, 2
   477 000003C3 6A19                    push 25
   478 000003C5 E8D7FE                  call randG
   479 000003C8 58                      pop ax
   480 000003C9 B40E                    mov ah, 0x0E
   481 000003CB A3[2101]                mov word[char1], ax
   482 000003CE B80000                  mov ax, 0
   483 000003D1 83EC02                  sub sp, 2
   484 000003D4 6A4F                    push 79
   485 000003D6 E80EFF                  call randGnum
   486 000003D9 58                      pop ax
   487 000003DA D1E0                    shl ax, 1
   488 000003DC 83C032                  add ax, 50
   489 000003DF 3DA000                  cmp ax, 160
   490 000003E2 7303                    jae mover1
   491 000003E4 05A000                  add ax, 160
   492                                  mover1:
   493 000003E7 A3[4F01]                mov word[position1], ax
   494 000003EA 58                      pop ax
   495 000003EB C3                      ret
   496                                  
   497                                  
   498                                  
   499                                  changeEverything2:
   500 000003EC 50                      push ax
   501 000003ED 83EC02                  sub sp, 2
   502 000003F0 6A19                    push 25
   503 000003F2 E8AAFE                  call randG
   504 000003F5 58                      pop ax
   505 000003F6 B40E                    mov ah, 0x0E
   506 000003F8 A3[2301]                mov word[char2], ax
   507 000003FB B80000                  mov ax, 0
   508 000003FE 83EC02                  sub sp, 2
   509 00000401 6A4F                    push 79
   510 00000403 E8E1FE                  call randGnum
   511 00000406 58                      pop ax
   512 00000407 D1E0                    shl ax, 1
   513 00000409 83C03C                  add ax, 60
   514 0000040C 3DA000                  cmp ax, 160
   515 0000040F 7303                    jae mover2
   516 00000411 05A000                  add ax, 160
   517                                  mover2:
   518 00000414 A3[5101]                mov word[position2], ax
   519 00000417 58                      pop ax
   520 00000418 C3                      ret
   521                                   
   522                                   
   523                                  
   524                                  changeEverything3:
   525 00000419 50                      push ax
   526 0000041A 83EC02                  sub sp, 2
   527 0000041D 6A19                    push 25
   528 0000041F E87DFE                  call randG
   529 00000422 58                      pop ax
   530 00000423 B40E                    mov ah, 0x0E
   531 00000425 A3[2501]                mov word[char3], ax
   532 00000428 B80000                  mov ax, 0
   533 0000042B 83EC02                  sub sp, 2
   534 0000042E 6A4F                    push 79
   535 00000430 E8B4FE                  call randGnum
   536 00000433 58                      pop ax
   537 00000434 D1E0                    shl ax, 1
   538 00000436 83C014                  add ax, 20
   539 00000439 3DA000                  cmp ax, 160
   540 0000043C 7303                    jae mover3
   541 0000043E 05A000                  add ax, 160
   542                                  mover3:
   543 00000441 A3[5301]                mov word[position3], ax
   544 00000444 58                      pop ax
   545 00000445 C3                      ret
   546                                  
   547                                  
   548                                  
   549                                  changeEverything4:
   550 00000446 50                      push ax
   551 00000447 83EC02                  sub sp, 2
   552 0000044A 6A19                    push 25
   553 0000044C E850FE                  call randG
   554 0000044F 58                      pop ax
   555 00000450 B40E                    mov ah, 0x0E
   556 00000452 A3[2701]                mov word[char4], ax
   557 00000455 B80000                  mov ax, 0
   558 00000458 83EC02                  sub sp, 2
   559 0000045B 6A4F                    push 79
   560 0000045D E887FE                  call randGnum
   561 00000460 58                      pop ax
   562 00000461 D1E0                    shl ax, 1
   563 00000463 83C01E                  add ax, 30
   564 00000466 3DA000                  cmp ax, 160
   565 00000469 7303                    jae mover4
   566 0000046B 05A000                  add ax, 160
   567                                  mover4:
   568 0000046E A3[5501]                mov word[position4], ax
   569 00000471 58                      pop ax
   570 00000472 C3                      ret
   571                                  
   572                                  
   573                                  
   574                                  changeEverything5:
   575 00000473 50                      push ax
   576 00000474 83EC02                  sub sp, 2
   577 00000477 6A19                    push 25
   578 00000479 E823FE                  call randG
   579 0000047C 58                      pop ax
   580 0000047D B40E                    mov ah, 0x0E
   581 0000047F A3[2901]                mov word[char5], ax
   582 00000482 B80000                  mov ax, 0
   583 00000485 83EC02                  sub sp, 2
   584 00000488 6A4F                    push 79
   585 0000048A E85AFE                  call randGnum
   586 0000048D 58                      pop ax
   587 0000048E D1E0                    shl ax, 1
   588 00000490 83C02C                  add ax, 44
   589 00000493 3DA000                  cmp ax, 160
   590 00000496 7303                    jae mover5
   591 00000498 05A000                  add ax, 160
   592                                  mover5:
   593 0000049B A3[5701]                mov word[position5], ax
   594 0000049E 58                      pop ax
   595 0000049F C3                      ret
   596                                  
   597                                  
   598                                  printScore:
   599 000004A0 55                      push bp
   600 000004A1 89E5                    mov bp, sp
   601 000004A3 06                      push es
   602 000004A4 57                      push di
   603 000004A5 50                      push ax
   604                                  
   605 000004A6 6A1E                    push 30
   606 000004A8 6A00                    push 0
   607 000004AA 6A07                    push 07
   608 000004AC 68[5800]                push strScore
   609 000004AF E8FEFC                  call printstr
   610                                  
   611 000004B2 6A32                    push 50
   612 000004B4 6A00                    push 0
   613 000004B6 6A07                    push 07
   614 000004B8 68[6000]                push strMissed
   615 000004BB E8F2FC                  call printstr
   616                                  
   617 000004BE 6800B8                  push 0xb800
   618 000004C1 07                      pop es
   619 000004C2 BF4C00                  mov word di, 76
   620 000004C5 B407                    mov ah, 07
   621 000004C7 B030                    mov al, 0x30
   622 000004C9 268905                  mov [es:di], ax
   623 000004CC BF7400                  mov word di, 116
   624 000004CF 268905                  mov [es:di], ax
   625                                  
   626 000004D2 58                      pop ax
   627 000004D3 5F                      pop di
   628 000004D4 07                      pop es
   629 000004D5 5D                      pop bp
   630 000004D6 C3                      ret
   631                                  
   632                                  
   633                                  clrscr: 
   634 000004D7 60                      	 pusha
   635 000004D8 9C                      	 pushf
   636 000004D9 B800B8                  	 mov ax, 0xb800
   637 000004DC 8EC0                    	 mov es, ax ; point es to video base
   638 000004DE 31FF                    	 xor di, di ; point di to top left column
   639 000004E0 B82007                  	 mov ax, 0x0720 ; space char in normal attribute
   640 000004E3 B9D007                  	 mov cx, 2000 ; number of screen locations
   641 000004E6 FC                      	 cld ; auto increment mode
   642 000004E7 F3AB                    	 rep stosw ; clear the whole screen
   643 000004E9 9D                      	 popf
   644 000004EA 61                      	 popa
   645 000004EB C3                      	 ret 
   646                                  
   647                                  sleep:
   648 000004EC 55                      	push bp
   649 000004ED 89E5                    	mov bp, sp
   650 000004EF 56                          push si
   651 000004F0 51                          push cx
   652 000004F1 B9FFFF                      mov cx, 0xFFFF
   653                                  delay: 
   654 000004F4 E2FE                        loop delay
   655                                  	
   656 000004F6 59                          pop cx
   657 000004F7 5E                          pop si
   658 000004F8 5D                      	pop bp
   659 000004F9 C3                          ret 
   660                                  
   661                                  ; a function to generate random number between 0 and n
   662                                  ; input: n, can be accessed using bp+4
   663                                  ; output: random number can be accessed in function using bp+6
   664                                  RANDNUM:
   665 000004FA 55                         push bp
   666 000004FB 89E5                       mov bp,sp
   667 000004FD 50                         push ax
   668 000004FE 51                         push cx
   669 000004FF 52                         push dx
   670                                     
   671 00000500 B400                       MOV AH, 00h  ; interrupts to get system time        
   672 00000502 CD1A                       INT 1AH      ; CX:DX now hold number of clock ticks since midnight      
   673 00000504 89D0                       mov  ax, dx
   674 00000506 31D2                       xor  dx, dx
   675 00000508 8B4E04                     mov  cx, [bp+4] 
   676 0000050B 41                         inc cx   
   677 0000050C F7F1                       div  cx       ; here dx contains the remainder of the division - from 0 to 9
   678 0000050E 895606                     mov [bp+6], dx
   679 00000511 5A                         pop dx
   680 00000512 59                         pop cx
   681 00000513 58                         pop ax
   682 00000514 5D                         pop bp   
   683 00000515 C20200                     ret 2
   684                                     
   685                                  generateAlpha:
   686 00000518 55                          push bp
   687 00000519 89E5                        mov bp, sp
   688 0000051B 50                          push ax
   689 0000051C 51                          push cx
   690 0000051D 52                          push dx
   691                                  
   692                                      ; Get system time for randomness
   693 0000051E B400                        mov ah, 00h
   694 00000520 CD1A                        int 1ah      ; CX:DX holds the number of clock ticks since midnight
   695 00000522 89D0                        mov ax, dx   ; Move DX (the random seed) into AX
   696 00000524 31D2                        xor dx, dx
   697 00000526 8B4E04                      mov cx, [bp+4]  
   698 00000529 41                          inc cx
   699 0000052A F7F1                        div cx          
   700                                  
   701 0000052C 83C241                      add dx, 41h     ; Convert 0-25 to ASCII 'A'-'Z' (41h is ASCII for 'A')
   702                                  
   703 0000052F 895606                      mov [bp+6], dx  ; Store the result in the output location
   704 00000532 5A                          pop dx
   705 00000533 59                          pop cx
   706 00000534 58                          pop ax
   707 00000535 5D                          pop bp
   708 00000536 C20200                      ret 2   	; Return and clean up the stack
   709                                  	
   710                                  	
   711                                  calculatetimer:
   712 00000539 FF06[6D01]              inc word[timertick]
   713                                  
   714 0000053D 833E[6D01]0F            cmp word[timertick], 15
   715 00000542 751D                    jne endtimer
   716                                  
   717 00000544 C706[6D01]0000          mov word[timertick],0
   718 0000054A FF06[7101]              inc word[secs]
   719                                  
   720                                  
   721 0000054E 833E[7101]3B            cmp word[secs],59
   722 00000553 7302                    jae incmin
   723                                  
   724                                  
   725 00000555 EB0A                    jmp endtimer
   726                                  incmin:
   727 00000557 C706[7101]0000          mov word[secs],0
   728 0000055D FF06[6F01]              inc word[mins]
   729                                  
   730                                  endtimer:
   731 00000561 C3                      ret
   732                                  printStopWatch:
   733 00000562 E8D4FF                  call calculatetimer
   734 00000565 B80000                  mov ax,0
   735 00000568 50                      push ax
   736 00000569 FF36[6F01]              push word[mins]
   737 0000056D E803FC                  call printNumber
   738 00000570 B800B8                  mov ax,0xb800
   739 00000573 8EC0                    mov es,ax
   740 00000575 B03A                    mov al,':'
   741 00000577 B40F                    mov ah,0x0F
   742 00000579 26A30200                mov [es:2],ax
   743 0000057D B80400                  mov ax,4
   744 00000580 50                      push ax
   745 00000581 FF36[7101]              push word[secs]
   746 00000585 E8EBFB                  call printNumber
   747 00000588 C3                      ret
   748                                  
   749                                  
   750                                  
   751                                  	
   752                                  saveTimer:
   753 00000589 55                      push bp
   754 0000058A 89E5                    mov bp, sp
   755 0000058C FA                      cli
   756 0000058D 31C0                    	xor ax, ax
   757 0000058F 8EC0                    	mov es, ax
   758 00000591 26A12000                	mov ax, [es:8*4] ;timer segment
   759 00000595 A3[1501]                	mov [oldTimer], ax
   760 00000598 26A12200                	mov ax, [es:8*4+2] ;timer offset
   761 0000059C A3[1701]                	mov [oldTimer+2], ax
   762 0000059F FB                      	sti
   763 000005A0 5D                          pop bp
   764 000005A1 C3                      	ret
   765                                  	
   766                                  hookTimer:
   767 000005A2 55                      	push bp
   768 000005A3 89E5                    	mov bp, sp
   769 000005A5 FA                      	cli
   770 000005A6 31C0                    	xor ax, ax
   771 000005A8 8EC0                    	mov es, ax
   772 000005AA 268C0E2200              	mov [es:8*4+2], cs
   773 000005AF 26C7062000[B905]        	mov word [es:8*4], newTimer
   774 000005B6 FB                      	sti
   775 000005B7 5D                      	pop bp
   776 000005B8 C3                      	ret
   777                                  	
   778                                  newTimer:
   779                                  	;all the movement of the alphabets is here
   780 000005B9 E8A6FF                  	call printStopWatch
   781 000005BC 31DB                    	xor bx, bx
   782 000005BE E82101                  	call characterDisplay
   783 000005C1 E8BD01                  	call characterDisplay2
   784 000005C4 E85902                  	call characterDisplay3
   785 000005C7 E8F502                  	call characterDisplay4
   786 000005CA E89103                  	call characterDisplay5
   787                                  
   788                                  	
   789 000005CD 2EFF2E[1501]            	jmp far [cs:oldTimer]
   790                                  	
   791                                  
   792                                  
   793                                  
   794                                  
   795                                  
   796                                  
   797                                  saveKeyboard:
   798 000005D2 55                      push bp
   799 000005D3 89E5                    mov bp, sp
   800 000005D5 50                      push ax
   801 000005D6 06                      push es
   802 000005D7 31C0                    xor ax, ax
   803 000005D9 8EC0                    mov es, ax
   804 000005DB 26A12400                mov ax, [es:9*4]
   805 000005DF A3[1901]                mov [oldKeyboard], ax
   806 000005E2 26A12600                mov ax, [es:9*4+2]
   807 000005E6 A3[1901]                mov [oldKeyboard], ax
   808 000005E9 07                      pop es
   809 000005EA 58                      pop ax
   810 000005EB 5D                      pop bp
   811 000005EC C3                      ret
   812                                  
   813                                  hookKeyboard:
   814 000005ED 55                      push bp
   815 000005EE 89E5                    mov bp, sp
   816 000005F0 06                      push es
   817 000005F1 50                      push ax
   818 000005F2 FA                      cli
   819 000005F3 31C0                    xor ax, ax
   820 000005F5 8EC0                    mov es, ax
   821 000005F7 26C7062400[0806]        mov word [es:9*4], newKeyboard
   822 000005FE 268C0E2600              mov word [es:9*4+2], cs
   823 00000603 FB                      sti
   824 00000604 58                      pop ax
   825 00000605 07                      pop es
   826 00000606 5D                      pop bp
   827 00000607 C3                      ret
   828                                  
   829                                  newKeyboard:
   830 00000608 50                      push ax
   831 00000609 6800B8                  push 0xb800
   832 0000060C 07                      pop es
   833                                  
   834 0000060D E460                    in al, 0x60
   835                                  ;if right shift pressed, set bool
   836                                  
   837 0000060F 3C01                    cmp al, 0x01
   838 00000611 0F84C100                je escPressedS
   839                                  
   840 00000615 3C36                    cmp al, 0x36
   841 00000617 7509                    jne cmpLeftShift
   842 00000619 C706[6B01]0100          mov word [shift], 1
   843 0000061F E9BA00                  jmp endKeyboard
   844                                  
   845                                  ;if left shift pressed set bool
   846                                  cmpLeftShift:
   847 00000622 3C2A                    cmp al, 0x2a
   848 00000624 7509                    jne cmpRshiftRelease
   849 00000626 C706[6B01]0100          mov word [shift], 1
   850 0000062C E9AD00                  jmp endKeyboard
   851                                  
   852                                  ;if shift released, reset bool
   853                                  cmpRshiftRelease:
   854 0000062F 3CB6                    cmp al, 0xB6
   855 00000631 7509                    jne cmpLShiftRelease
   856 00000633 C706[6B01]0000          mov word [shift], 0
   857 00000639 E9A000                  jmp endKeyboard
   858                                  
   859                                  cmpLShiftRelease:
   860 0000063C 3CAA                    cmp al, 0xaa
   861 0000063E 7509                    jne noShift
   862 00000640 C706[6B01]0000          mov word [shift], 0
   863 00000646 E99300                  jmp endKeyboard
   864                                  
   865                                  noShift:
   866 00000649 3C4B                    cmp byte al, 0x4b
   867 0000064B 7407                    jz moveLeft
   868 0000064D 3C4D                    cmp byte al, 0x4d
   869 0000064F 7444                    jz moveRight
   870 00000651 E98800                  jmp exitKB
   871                                  
   872                                  moveLeft:
   873 00000654 8B3E[5D01]              mov di, [boxPosition]
   874 00000658 26C7052007              mov word [es:di], 0x0720 ;erasing previous box position
   875 0000065D 81FF000F                cmp word di, 3840  ;comparing with left most position
   876 00000661 7620                    jbe rightMost
   877 00000663 83EF02                  sub di, 2
   878 00000666 832E[5D01]02            sub word [boxPosition], 2
   879 0000066B 833E[6B01]01            cmp word [shift], 1
   880 00000670 7508                    jne speed2x
   881                                  
   882 00000672 83EF02                  sub di, 2
   883 00000675 832E[5D01]02            sub word [boxPosition], 2
   884                                  
   885                                  speed2x:
   886                                  
   887 0000067A B407                    mov ah, 07
   888 0000067C B0DC                    mov al, 0xDC
   889 0000067E 268905                  mov [es:di], ax
   890 00000681 EB59                    jmp endKeyboard
   891                                  
   892                                  rightMost:
   893 00000683 C706[5D01]9E0F          mov word [boxPosition], 3998
   894 00000689 BF9E0F                  mov word di, 3998
   895 0000068C B407                    mov ah, 07
   896 0000068E B0DC                    mov al, 0xDC
   897 00000690 268905                  mov [es:di], ax
   898 00000693 EB47                    jmp endKeyboard
   899                                  
   900                                  
   901                                  moveRight:
   902 00000695 8B3E[5D01]              mov di, [boxPosition]
   903 00000699 26C7052007              mov word [es:di], 0x0720 ;erasing previous box position
   904 0000069E 81FF9E0F                cmp word di, 3998
   905 000006A2 7320                    jae leftMost
   906 000006A4 83C702                  add di, 2
   907 000006A7 8306[5D01]02            add word [boxPosition], 2
   908 000006AC 833E[6B01]01            cmp word [shift], 1
   909 000006B1 7508                    jne speed2xR
   910                                  
   911 000006B3 8306[5D01]02            add word[boxPosition], 2
   912 000006B8 83C702                  add di, 2
   913                                  
   914                                  
   915                                  speed2xR:
   916 000006BB B407                    mov ah, 07
   917 000006BD B0DC                    mov al, 0xDC
   918 000006BF 268905                  mov [es:di], ax
   919 000006C2 EB18                    jmp endKeyboard
   920                                  
   921                                  leftMost:
   922 000006C4 C706[5D01]000F          mov word [boxPosition], 3840
   923 000006CA BF000F                  mov word di, 3840
   924 000006CD B407                    mov ah, 07
   925 000006CF B0DC                    mov al, 0xDC
   926 000006D1 268905                  mov [es:di], ax
   927 000006D4 EB06                    jmp endKeyboard
   928                                  
   929                                  escPressedS:
   930 000006D6 C706[6701]0100          mov word [gameOver], 1
   931                                  
   932                                  
   933                                  
   934                                  endKeyboard:
   935                                  ; jmp far [cs: oldKeyboard]
   936                                  
   937                                  exitKB:
   938 000006DC B020                    mov al, 0x20
   939 000006DE E620                    out 0x20, al
   940 000006E0 58                      pop ax
   941 000006E1 CF                      iret
   942                                  
   943                                  
   944                                  	
   945                                  characterDisplay:
   946 000006E2 FF06[3501]              inc word [speed1]
   947                                  ; cmp word [score], 8
   948                                  ; jb noChange1
   949                                  ; mov word [time1], 7;increasing speed
   950                                  ; noChange1:
   951 000006E6 8B1E[3F01]              mov bx, [time1]
   952 000006EA 391E[3501]              cmp word [speed1], bx
   953 000006EE 0F828E00                jb end1
   954 000006F2 C706[3501]0000          mov word [speed1], 0
   955 000006F8 833E[2B01]00            cmp word [charBool1], 0
   956 000006FD 7524                    jne movdown1
   957 000006FF C706[1101]0000          mov word [rand], 0
   958 00000705 C706[1301]0000          mov word [randnum], 0
   959 0000070B E8B1FC                  call changeEverything
   960 0000070E B800B8                  mov ax, 0xb800
   961 00000711 8EC0                    mov es, ax
   962 00000713 8B3E[4F01]              mov di, [position1]
   963 00000717 A1[2101]                mov ax, [char1]
   964 0000071A 268905                  mov word[es:di], ax
   965 0000071D FF06[2B01]              inc word [charBool1]
   966 00000721 EB5D                    jmp end1
   967                                  movdown1:
   968 00000723 8B3E[4F01]              mov di, [position1]
   969 00000727 26C7052007              mov word[es:di], 0x0720
   970 0000072C 8106[4F01]A000          add word [position1], 160
   971 00000732 813E[4F01]000F          cmp word [position1], 3840
   972 00000738 770E                    ja changechar1
   973 0000073A 8B3E[4F01]              mov di, [position1]
   974 0000073E A1[2101]                mov ax, [char1]
   975 00000741 B401                    mov ah, 01
   976 00000743 268905                  mov word[es:di], ax
   977 00000746 EB38                    jmp end1
   978                                  changechar1:
   979                                  ;check if box position is equal to this position, add to score, else add to Missed
   980 00000748 A1[4F01]                mov ax, [position1]
   981                                  
   982 0000074B 833E[1F01]01            cmp word [multiPlayer], 1
   983 00000750 740B                    je MP1
   984                                  
   985                                  ;for Single player
   986 00000752 3B06[5D01]              cmp ax, [boxPosition]
   987 00000756 7416                    je addScore
   988 00000758 E8F4FB                  call incMissed
   989                                  ;if match is lost. we have to end the program
   990 0000075B EB14                    jmp missedAdded
   991                                  
   992                                  
   993                                  MP1:
   994                                  ;for Multiplayer
   995 0000075D 3B06[6101]              cmp ax, [boxPosition1]
   996 00000761 740B                    je addScore
   997 00000763 3B06[5F01]              cmp ax, [boxPosition2]
   998 00000767 7405                    je addScore
   999 00000769 E8E3FB                  call incMissed
  1000 0000076C EB03                    jmp missedAdded
  1001                                  
  1002                                  addScore:
  1003 0000076E E8BBFB                  call incScore
  1004                                  
  1005                                  
  1006                                  missedAdded:
  1007 00000771 C706[1101]0000          mov word[rand], 0
  1008 00000777 C706[1301]0000          mov word[randnum], 0
  1009 0000077D E83FFC                  call changeEverything
  1010                                  
  1011                                  end1:
  1012 00000780 C3                      ret
  1013                                  
  1014                                  
  1015                                  
  1016                                  
  1017                                  characterDisplay2:
  1018 00000781 FF06[3701]               inc word [speed2]
  1019                                  ; cmp word [score], 8
  1020                                  ; jb noChange2
  1021                                  ; mov word [time2], 10 ;increasing speed
  1022                                  ; noChange2:
  1023 00000785 8B1E[4101]              mov bx, [time2]
  1024 00000789 391E[3701]              cmp word [speed2], bx
  1025 0000078D 7256                    jb midend2
  1026 0000078F C706[3701]0000          mov word [speed2], 0
  1027 00000795 833E[2D01]00            cmp word [charBool2], 0
  1028 0000079A 7526                    jne movdown2
  1029 0000079C C706[1101]0000          mov word[rand], 0
  1030 000007A2 C706[1301]0000          mov word[randnum], 0
  1031 000007A8 E841FC                  call changeEverything2
  1032 000007AB B800B8                  mov ax, 0xb800
  1033 000007AE 8EC0                    mov es, ax
  1034 000007B0 8B3E[5101]              mov di, [position2]
  1035 000007B4 A1[2301]                mov ax, [char2]
  1036 000007B7 B402                    mov ah, 2
  1037 000007B9 268905                  mov word[es:di], ax
  1038 000007BC FF06[2D01]              inc word [charBool2]
  1039 000007C0 EB5D                    jmp end2
  1040                                  movdown2:
  1041 000007C2 8B3E[5101]              mov di, [position2]
  1042 000007C6 26C7052007              mov word[es:di], 0x0720
  1043 000007CB 8106[5101]A000          add word [position2], 160
  1044 000007D1 813E[5101]000F          cmp word [position2], 3840
  1045 000007D7 770E                    ja changechar2
  1046 000007D9 8B3E[5101]              mov di, [position2]
  1047 000007DD A1[2301]                mov ax, [char2]
  1048 000007E0 B402                    mov ah, 2
  1049 000007E2 268905                  mov word[es:di], ax
  1050                                  midend2:
  1051 000007E5 EB38                    jmp end2
  1052                                  changechar2:
  1053 000007E7 A1[5101]                mov ax, [position2]
  1054 000007EA 833E[1F01]01            cmp word [multiPlayer], 1
  1055 000007EF 740B                    je MP2
  1056                                  
  1057                                  ;for Single player
  1058 000007F1 3B06[5D01]              cmp ax, [boxPosition]
  1059 000007F5 7416                    je addScore2
  1060 000007F7 E855FB                  call incMissed
  1061                                  ;if match is lost. we have to end the program
  1062 000007FA EB14                    jmp missedAdded2
  1063                                  
  1064                                  
  1065                                  MP2:
  1066                                  ;for Multiplayer
  1067 000007FC 3B06[6101]              cmp ax, [boxPosition1]
  1068 00000800 740B                    je addScore2
  1069 00000802 3B06[5F01]              cmp ax, [boxPosition2]
  1070 00000806 7405                    je addScore2
  1071 00000808 E844FB                  call incMissed
  1072 0000080B EB03                    jmp missedAdded2
  1073                                  
  1074                                  addScore2:
  1075 0000080D E81CFB                  call incScore
  1076                                  
  1077                                  
  1078                                  missedAdded2:
  1079 00000810 C706[1101]0000          mov word[rand], 0
  1080 00000816 C706[1301]0000          mov word[randnum], 0
  1081 0000081C E8CDFB                  call changeEverything2
  1082                                  
  1083                                  end2:
  1084 0000081F C3                      ret
  1085                                  
  1086                                  
  1087                                  characterDisplay3:
  1088 00000820 FF06[3901]              inc word [speed3]
  1089                                  ; cmp word [score], 8
  1090                                  ; jb noChange3
  1091                                  ; mov word [time3], 2;increasing speed
  1092                                  ; noChange3:
  1093 00000824 8B1E[4301]              mov bx, [time3]
  1094 00000828 391E[3901]              cmp word [speed3], bx
  1095 0000082C 7256                    jb midend3
  1096 0000082E C706[3901]0000          mov word [speed3], 0
  1097 00000834 833E[2F01]00            cmp word [charBool3], 0
  1098 00000839 7524                    jne movdown3
  1099 0000083B C706[1101]0000          mov word[rand], 0
  1100 00000841 C706[1301]0000          mov word[randnum], 0
  1101 00000847 E8CFFB                  call changeEverything3
  1102 0000084A B800B8                  mov ax, 0xb800
  1103 0000084D 8EC0                    mov es, ax
  1104 0000084F 8B3E[5301]              mov di, [position3]
  1105 00000853 A1[2501]                mov ax, [char3]
  1106 00000856 268905                  mov word[es:di], ax
  1107 00000859 FF06[2F01]              inc word [charBool3]
  1108 0000085D EB5F                    jmp end3
  1109                                  movdown3:
  1110 0000085F 8B3E[5301]              mov di, [position3]
  1111 00000863 26C7052007              mov word[es:di], 0x0720
  1112 00000868 8106[5301]A000          add word [position3], 160
  1113 0000086E 813E[5301]000F          cmp word [position3], 3840
  1114 00000874 7710                    ja changechar3
  1115 00000876 8B3E[5301]              mov di, [position3]
  1116 0000087A B403                    mov ah, 3
  1117 0000087C A1[2501]                mov ax, [char3]
  1118 0000087F B403                    mov ah, 3
  1119 00000881 268905                  mov word[es:di], ax
  1120                                  midend3:
  1121 00000884 EB38                    jmp end3
  1122                                  changechar3:
  1123                                  
  1124 00000886 A1[5301]                mov ax, [position3]
  1125 00000889 833E[1F01]01            cmp word [multiPlayer], 1
  1126 0000088E 740B                    je MP3
  1127                                  
  1128                                  ;for Single player
  1129 00000890 3B06[5D01]              cmp ax, [boxPosition]
  1130 00000894 7416                    je addScore3
  1131 00000896 E8B6FA                  call incMissed
  1132                                  ;if match is lost. we have to end the program
  1133 00000899 EB14                    jmp missedAdded3
  1134                                  
  1135                                  
  1136                                  MP3:
  1137                                  ;for Multiplayer
  1138 0000089B 3B06[6101]              cmp ax, [boxPosition1]
  1139 0000089F 740B                    je addScore3
  1140 000008A1 3B06[5F01]              cmp ax, [boxPosition2]
  1141 000008A5 7405                    je addScore3
  1142 000008A7 E8A5FA                  call incMissed
  1143 000008AA EB03                    jmp missedAdded3
  1144                                  
  1145                                  addScore3:
  1146 000008AC E87DFA                  call incScore
  1147                                  
  1148                                  
  1149                                  missedAdded3:
  1150 000008AF C706[1101]0000          mov word[rand], 0
  1151 000008B5 C706[1301]0000          mov word[randnum], 0
  1152 000008BB E85BFB                  call changeEverything3
  1153                                  
  1154                                  end3:
  1155 000008BE C3                      ret
  1156                                  
  1157                                  
  1158                                  characterDisplay4:
  1159 000008BF FF06[3B01]              inc word [speed4]
  1160                                  ; cmp word [score], 8
  1161                                  ; jb noChange4
  1162                                  ; mov word [time4], 8 ;increasing speed
  1163                                  ; noChange4:
  1164 000008C3 8B1E[4501]              mov bx, [time4]
  1165 000008C7 391E[3B01]              cmp word [speed4], bx
  1166 000008CB 7256                    jb midend4
  1167 000008CD C706[3B01]0000          mov word [speed4], 0
  1168 000008D3 833E[3101]00            cmp word [charBool4], 0
  1169 000008D8 7526                    jne movdown4
  1170 000008DA C706[1101]0000          mov word[rand], 0
  1171 000008E0 C706[1301]0000          mov word[randnum], 0
  1172 000008E6 E85DFB                  call changeEverything4
  1173 000008E9 B800B8                  mov ax, 0xb800
  1174 000008EC 8EC0                    mov es, ax
  1175 000008EE 8B3E[5501]              mov di, [position4]
  1176 000008F2 A1[2701]                mov ax, [char4]
  1177 000008F5 B404                    mov ah, 4
  1178 000008F7 268905                  mov word[es:di], ax
  1179 000008FA FF06[3101]              inc word [charBool4]
  1180 000008FE EB5D                    jmp end4
  1181                                  movdown4:
  1182 00000900 8B3E[5501]              mov di, [position4]
  1183 00000904 26C7052007              mov word[es:di], 0x0720
  1184 00000909 8106[5501]A000          add word [position4], 160
  1185 0000090F 813E[5501]000F          cmp word [position4], 3840
  1186 00000915 770E                    ja changechar4
  1187 00000917 8B3E[5501]              mov di, [position4]
  1188 0000091B A1[2701]                mov ax, [char4]
  1189 0000091E B404                    mov ah, 4
  1190 00000920 268905                  mov word[es:di], ax
  1191                                  midend4:
  1192 00000923 EB38                    jmp end4
  1193                                  changechar4:
  1194                                  
  1195 00000925 A1[5501]                mov ax, [position4]
  1196                                  
  1197 00000928 833E[1F01]01            cmp word [multiPlayer], 1
  1198 0000092D 740B                    je MP4
  1199                                  
  1200                                  ;for Single player
  1201 0000092F 3B06[5D01]              cmp ax, [boxPosition]
  1202 00000933 7416                    je addScore4
  1203 00000935 E817FA                  call incMissed
  1204                                  ;if match is lost. we have to end the program
  1205 00000938 EB14                    jmp missedAdded4
  1206                                  
  1207                                  
  1208                                  MP4:
  1209                                  ;for Multiplayer
  1210 0000093A 3B06[6101]              cmp ax, [boxPosition1]
  1211 0000093E 740B                    je addScore4
  1212 00000940 3B06[5F01]              cmp ax, [boxPosition2]
  1213 00000944 7405                    je addScore4
  1214 00000946 E806FA                  call incMissed
  1215 00000949 EB03                    jmp missedAdded4
  1216                                  
  1217                                  addScore4:
  1218 0000094B E8DEF9                  call incScore
  1219                                  
  1220                                  
  1221                                  missedAdded4:
  1222 0000094E C706[1101]0000          mov word[rand], 0
  1223 00000954 C706[1301]0000          mov word[randnum], 0
  1224 0000095A E8E9FA                  call changeEverything4
  1225                                  
  1226                                  end4:
  1227 0000095D C3                      ret
  1228                                  
  1229                                  characterDisplay5:
  1230 0000095E FF06[3D01]              inc word [speed5]
  1231                                  ; cmp word [score], 8
  1232                                  ; jb noChange5
  1233                                  ; mov word [time5], 3;increasing speed
  1234                                  ; noChange5:
  1235 00000962 8B1E[4701]              mov bx, [time5]
  1236 00000966 391E[3D01]              cmp word [speed5], bx
  1237 0000096A 7256                    jb midend5
  1238 0000096C C706[3D01]0000          mov word [speed5], 0
  1239 00000972 833E[3301]00            cmp word [charBool5], 0
  1240 00000977 7526                    jne movdown5
  1241 00000979 C706[1101]0000          mov word[rand], 0
  1242 0000097F C706[1301]0000          mov word[randnum], 0
  1243 00000985 E8EBFA                  call changeEverything5
  1244 00000988 B800B8                  mov ax, 0xb800
  1245 0000098B 8EC0                    mov es, ax
  1246 0000098D 8B3E[5701]              mov di, [position5]
  1247                                  
  1248 00000991 A1[2901]                mov ax, [char5]
  1249 00000994 B405                    mov ah, 5
  1250 00000996 268905                  mov word[es:di], ax
  1251 00000999 FF06[3301]              inc word [charBool5]
  1252 0000099D EB5D                    jmp end5
  1253                                  movdown5:
  1254 0000099F 8B3E[5701]              mov di, [position5]
  1255 000009A3 26C7052007              mov word[es:di], 0x0720
  1256 000009A8 8106[5701]A000          add word [position5], 160
  1257 000009AE 813E[5701]000F          cmp word [position5], 3840
  1258 000009B4 770E                    ja changechar5
  1259 000009B6 8B3E[5701]              mov di, [position5]
  1260 000009BA A1[2901]                mov ax, [char5]
  1261 000009BD B405                    mov ah, 5
  1262 000009BF 268905                  mov word[es:di], ax
  1263                                  midend5:
  1264 000009C2 EB38                    jmp end5
  1265                                  changechar5:
  1266                                  
  1267 000009C4 A1[5701]                mov ax, [position5]
  1268                                  
  1269 000009C7 833E[1F01]01            cmp word [multiPlayer], 1
  1270 000009CC 740B                    je MP5
  1271                                  
  1272                                  ;for Single player
  1273 000009CE 3B06[5D01]              cmp ax, [boxPosition]
  1274 000009D2 7416                    je addScore5
  1275 000009D4 E878F9                  call incMissed
  1276                                  ;if match is lost. we have to end the program
  1277 000009D7 EB14                    jmp missedAdded5
  1278                                  
  1279                                  
  1280                                  MP5:
  1281                                  ;for Multiplayer
  1282 000009D9 3B06[6101]              cmp ax, [boxPosition1]
  1283 000009DD 740B                    je addScore5
  1284 000009DF 3B06[5F01]              cmp ax, [boxPosition2]
  1285 000009E3 7405                    je addScore5
  1286 000009E5 E867F9                  call incMissed
  1287 000009E8 EB03                    jmp missedAdded5
  1288                                  
  1289                                  addScore5:
  1290 000009EA E83FF9                  call incScore
  1291                                  
  1292                                  
  1293                                  missedAdded5:
  1294 000009ED C706[1101]0000          mov word[rand], 0
  1295 000009F3 C706[1301]0000          mov word[randnum], 0
  1296 000009F9 E877FA                  call changeEverything5
  1297                                  
  1298                                  end5:
  1299 000009FC C3                      ret  
  1300                                  ;-------------------------------------------------MULTIPLAYER FUNCTIONALITY-----------------------------------------
  1301                                  
  1302                                     	  
  1303                                  printBoxM:
  1304 000009FD 55                      push bp
  1305 000009FE 89E5                    mov bp, sp
  1306 00000A00 50                      push ax
  1307 00000A01 57                      push di
  1308 00000A02 B800B8                  mov ax, 0xb800
  1309 00000A05 8EC0                    mov es, ax
  1310 00000A07 8B3E[6101]              mov di, [boxPosition1]
  1311 00000A0B B407                    mov ah, 07
  1312 00000A0D B0DC                    mov al, 0xDC
  1313 00000A0F 268905                  mov [es:di], ax
  1314                                  
  1315 00000A12 8B3E[5F01]              mov di, [boxPosition2]
  1316 00000A16 B407                    mov ah, 07
  1317 00000A18 B0DC                    mov al, 0xDC
  1318 00000A1A 268905                  mov [es:di], ax
  1319                                  
  1320 00000A1D 5F                      pop di
  1321 00000A1E 58                      pop ax
  1322 00000A1F 5D                      pop bp
  1323 00000A20 C3                      ret
  1324                                  
  1325                                  
  1326                                  
  1327                                  ; hookTimerM:
  1328                                  	; push bp
  1329                                  	; mov bp, sp
  1330                                  	; cli
  1331                                  	; xor ax, ax
  1332                                  	; mov es, ax
  1333                                  	; mov [es:8*4+2], cs
  1334                                  	; mov word [es:8*4], newTimerM
  1335                                  	; sti
  1336                                  	; pop bp
  1337                                  	; ret
  1338                                  
  1339                                  hookKeyboardM:
  1340 00000A21 55                      push bp
  1341 00000A22 89E5                    mov bp, sp
  1342 00000A24 06                      push es
  1343 00000A25 50                      push ax
  1344 00000A26 FA                      cli
  1345 00000A27 31C0                    xor ax, ax
  1346 00000A29 8EC0                    mov es, ax
  1347 00000A2B 26C7062400[3C0A]        mov word [es:9*4], newKeyboardM
  1348 00000A32 268C0E2600              mov word [es:9*4+2], cs
  1349 00000A37 FB                      sti
  1350 00000A38 58                      pop ax
  1351 00000A39 07                      pop es
  1352 00000A3A 5D                      pop bp
  1353 00000A3B C3                      ret
  1354                                  
  1355                                  
  1356                                  newKeyboardM:
  1357 00000A3C 50                      push ax
  1358 00000A3D 6800B8                  push 0xb800
  1359 00000A40 07                      pop es
  1360                                  
  1361 00000A41 E460                    in al, 0x60
  1362                                  ;if right shift pressed, set bool
  1363 00000A43 3C01                    cmp al, 0x01
  1364 00000A45 0F846B01                je escPressed
  1365                                  
  1366 00000A49 3C36                    cmp al, 0x36
  1367 00000A4B 7509                    jne cmpLeftShiftM
  1368                                  
  1369 00000A4D C706[6B01]0100          mov word [shift], 1
  1370 00000A53 E96401                  jmp endKeyboardM
  1371                                  
  1372                                  ;if left shift pressed set bool
  1373                                  cmpLeftShiftM:
  1374 00000A56 3C2A                    cmp al, 0x2a
  1375 00000A58 7509                    jne cmpRshiftReleaseM
  1376 00000A5A C706[6B01]0100          mov word [shift], 1
  1377 00000A60 E95701                  jmp endKeyboardM
  1378                                  
  1379                                  ;if shift released, reset bool
  1380                                  cmpRshiftReleaseM:
  1381 00000A63 3CB6                    cmp al, 0xB6
  1382 00000A65 7509                    jne cmpLShiftReleaseM
  1383 00000A67 C706[6B01]0000          mov word [shift], 0
  1384 00000A6D E94A01                  jmp endKeyboardM
  1385                                  
  1386                                  cmpLShiftReleaseM:
  1387 00000A70 3CAA                    cmp al, 0xaa
  1388 00000A72 7509                    jne noShiftM
  1389 00000A74 C706[6B01]0000          mov word [shift], 0
  1390 00000A7A E93D01                  jmp endKeyboardM
  1391                                  
  1392                                  
  1393                                  ;for left and right keys
  1394                                  noShiftM:
  1395 00000A7D 3C4B                    cmp byte al, 0x4b
  1396 00000A7F 7413                    jz moveLeftM1
  1397                                  
  1398 00000A81 3C4D                    cmp byte al, 0x4d
  1399 00000A83 7458                    jz moveRightM1
  1400                                  
  1401 00000A85 3C1E                    cmp byte al, 30
  1402 00000A87 0F849B00                jz moveLeftM2
  1403                                  
  1404 00000A8B 3C20                    cmp byte al, 32
  1405 00000A8D 0F84DC00                jz moveRightM2
  1406                                  
  1407 00000A91 E92601                  jmp endKeyboardM
  1408                                  
  1409                                  moveLeftM1:
  1410                                  
  1411 00000A94 8B3E[6101]              mov di, [boxPosition1]
  1412 00000A98 3B3E[5F01]              cmp di, [boxPosition2]
  1413 00000A9C 7405                    je noErase1
  1414 00000A9E 26C7052007              mov word [es:di], 0x0720 ;erasing previous box position
  1415                                  noErase1:
  1416 00000AA3 81FF000F                cmp word di, 3840  ;comparing with left most position
  1417 00000AA7 7621                    jbe rightMostM1
  1418 00000AA9 83EF02                  sub di, 2
  1419 00000AAC 832E[6101]02            sub word [boxPosition1], 2
  1420 00000AB1 833E[6B01]01            cmp word [shift], 1
  1421 00000AB6 7508                    jne speed2xM1
  1422                                  
  1423 00000AB8 83EF02                  sub di, 2
  1424 00000ABB 832E[6101]02            sub word [boxPosition1], 2
  1425                                  
  1426                                  speed2xM1:
  1427                                  
  1428 00000AC0 B407                    mov ah, 07
  1429 00000AC2 B0DC                    mov al, 0xDC
  1430 00000AC4 268905                  mov [es:di], ax
  1431 00000AC7 E9F000                  jmp endKeyboardM
  1432                                  
  1433                                  rightMostM1:
  1434 00000ACA C706[6101]9E0F          mov word [boxPosition1], 3998
  1435 00000AD0 BF9E0F                  mov word di, 3998
  1436 00000AD3 B407                    mov ah, 07
  1437 00000AD5 B0DC                    mov al, 0xDC
  1438 00000AD7 268905                  mov [es:di], ax
  1439 00000ADA E9DD00                  jmp endKeyboardM
  1440                                  
  1441                                  
  1442                                  moveRightM1:
  1443 00000ADD 8B3E[6101]              mov di, [boxPosition1]
  1444 00000AE1 3B3E[5F01]              cmp di, [boxPosition2]
  1445 00000AE5 7405                    je noErase2
  1446 00000AE7 26C7052007              mov word [es:di], 0x0720 ;erasing previous box position
  1447                                  noErase2:
  1448 00000AEC 81FF9E0F                cmp word di, 3998
  1449 00000AF0 7321                    jae leftMostM1
  1450 00000AF2 83C702                  add di, 2
  1451 00000AF5 8306[6101]02            add word [boxPosition1], 2
  1452 00000AFA 833E[6B01]01            cmp word [shift], 1
  1453 00000AFF 7508                    jne speed2xRM1
  1454                                  
  1455 00000B01 8306[6101]02            add word[boxPosition1], 2
  1456 00000B06 83C702                  add di, 2
  1457                                  
  1458                                  
  1459                                  speed2xRM1:
  1460 00000B09 B407                    mov ah, 07
  1461 00000B0B B0DC                    mov al, 0xDC
  1462 00000B0D 268905                  mov [es:di], ax
  1463 00000B10 E9A700                  jmp endKeyboardM
  1464                                  
  1465                                  leftMostM1:
  1466 00000B13 C706[6101]000F          mov word [boxPosition1], 3840
  1467 00000B19 BF000F                  mov word di, 3840
  1468 00000B1C B407                    mov ah, 07
  1469 00000B1E B0DC                    mov al, 0xDC
  1470 00000B20 268905                  mov [es:di], ax
  1471 00000B23 E99400                  jmp endKeyboardM
  1472                                  
  1473                                  
  1474                                  
  1475                                  
  1476                                  moveLeftM2:
  1477                                  
  1478 00000B26 8B3E[5F01]              mov di, [boxPosition2]
  1479 00000B2A 3B3E[6101]              cmp di, [boxPosition1]
  1480 00000B2E 7405                    je noErase3
  1481 00000B30 26C7052007              mov word [es:di], 0x0720 ;erasing previous box position
  1482                                  noErase3:
  1483 00000B35 81FF000F                cmp word di, 3840  ;comparing with left most position
  1484 00000B39 7620                    jbe rightMostM2
  1485 00000B3B 83EF02                  sub di, 2
  1486 00000B3E 832E[5F01]02            sub word [boxPosition2], 2
  1487 00000B43 833E[6B01]01            cmp word [shift], 1
  1488 00000B48 7508                    jne speed2xM2
  1489                                  
  1490 00000B4A 83EF02                  sub di, 2
  1491 00000B4D 832E[5F01]02            sub word [boxPosition2], 2
  1492                                  
  1493                                  speed2xM2:
  1494                                  
  1495 00000B52 B407                    mov ah, 07
  1496 00000B54 B0DC                    mov al, 0xDC
  1497 00000B56 268905                  mov [es:di], ax
  1498 00000B59 EB5F                    jmp endKeyboardM
  1499                                  
  1500                                  rightMostM2:
  1501 00000B5B C706[5F01]9E0F          mov word [boxPosition2], 3998
  1502 00000B61 BF9E0F                  mov word di, 3998
  1503 00000B64 B407                    mov ah, 07
  1504 00000B66 B0DC                    mov al, 0xDC
  1505 00000B68 268905                  mov [es:di], ax
  1506 00000B6B EB4D                    jmp endKeyboardM
  1507                                  
  1508                                  
  1509                                  moveRightM2:
  1510 00000B6D 8B3E[5F01]              mov di, [boxPosition2]
  1511 00000B71 3B3E[6101]              cmp di, [boxPosition1]
  1512 00000B75 7405                    je noErase4
  1513 00000B77 26C7052007              mov word [es:di], 0x0720 ;erasing previous box position
  1514                                  noErase4:
  1515 00000B7C 81FF9E0F                cmp word di, 3998
  1516 00000B80 7320                    jae leftMostM2
  1517 00000B82 83C702                  add di, 2
  1518 00000B85 8306[5F01]02            add word [boxPosition2], 2
  1519 00000B8A 833E[6B01]01            cmp word [shift], 1
  1520 00000B8F 7508                    jne speed2xRM2
  1521                                  
  1522 00000B91 8306[5F01]02            add word[boxPosition2], 2
  1523 00000B96 83C702                  add di, 2
  1524                                  
  1525                                  
  1526                                  speed2xRM2:
  1527 00000B99 B407                    mov ah, 07
  1528 00000B9B B0DC                    mov al, 0xDC
  1529 00000B9D 268905                  mov [es:di], ax
  1530 00000BA0 EB18                    jmp endKeyboardM
  1531                                  
  1532                                  leftMostM2:
  1533 00000BA2 C706[5F01]000F          mov word [boxPosition2], 3840
  1534 00000BA8 BF000F                  mov word di, 3840
  1535 00000BAB B407                    mov ah, 07
  1536 00000BAD B0DC                    mov al, 0xDC
  1537 00000BAF 268905                  mov [es:di], ax
  1538 00000BB2 EB06                    jmp endKeyboardM
  1539                                  
  1540                                  escPressed:
  1541 00000BB4 C706[6701]0100          mov word [gameOver], 1
  1542                                  
  1543                                  endKeyboardM:
  1544                                  exitKBM:
  1545 00000BBA B020                    mov al, 0x20
  1546 00000BBC E620                    out 0x20, al
  1547 00000BBE 58                      pop ax
  1548 00000BBF CF                      iret
  1549                                  
  1550                                  
  1551                                  
  1552                                     
  1553                                     
  1554                                     
  1555                                     
  1556                                     ;----------------------------------------end game loop----------------------------------------------
  1557                                     escapeLoop:
  1558                                     hey:
  1559 00000BC0 833E[6701]01               cmp word [gameOver], 1
  1560 00000BC5 7437                       je endEscLoop
  1561 00000BC7 833E[6301]01               cmp word [matchLost], 1
  1562 00000BCC 7430                       je endEscLoop
  1563 00000BCE 833E[6501]01               cmp word [matchWon], 1
  1564 00000BD3 7429                       je endEscLoop
  1565                                     
  1566 00000BD5 833E[5901]08               cmp word [score], 8
  1567 00000BDA 72E4                       jb hey
  1568 00000BDC 77E2                       ja hey
  1569                                     ;else change the speeds of falling alphabets
  1570                                       ; mov ax, [time1]
  1571                                      ; shr ax, 1
  1572 00000BDE C706[3F01]0700              mov word [time1], 7
  1573                                     
  1574                                       ; mov ax, [time2]
  1575                                       ; shr ax, 1
  1576 00000BE4 C706[4101]0A00              mov word [time2], 10
  1577                                     
  1578                                       ; mov ax, [time3]
  1579                                       ; shr ax, 1
  1580 00000BEA C706[4301]0200              mov word [time3], 2
  1581                                  
  1582                                       ; mov ax, [time4]
  1583                                       ; shr ax, 1
  1584 00000BF0 C706[4501]0800              mov word [time4], 8
  1585                                     
  1586                                       ; mov ax, [time5]
  1587                                       ; shr ax, 1
  1588 00000BF6 C706[4701]0300              mov word [time5], 3
  1589                                   
  1590                                  
  1591 00000BFC EBC2                       jmp hey
  1592                                     endEscLoop:
  1593 00000BFE C3                         ret
  1594                                  
  1595                                  start:
  1596                                  
  1597 00000BFF E8D5F8                  	call clrscr
  1598 00000C02 E807F6                  	call StartMenu
  1599 00000C05 E8CFF8                  	call clrscr
  1600 00000C08 E895F8                  	call printScore
  1601 00000C0B E87BF9                  	call saveTimer
  1602 00000C0E E8C1F9                  	call saveKeyboard
  1603                                  
  1604 00000C11 833E[1D01]01            	cmp word [singlePlayer], 1
  1605 00000C16 7535                    	jnz mPlayer
  1606 00000C18 E8D8F5                  	call printBox
  1607 00000C1B FA                      	cli
  1608 00000C1C E8CEF9                  	call hookKeyboard
  1609 00000C1F E880F9                  	call hookTimer
  1610 00000C22 FB                      	sti
  1611 00000C23 E89AFF                      call escapeLoop
  1612 00000C26 E8AEF8                  	call clrscr
  1613 00000C29 FA                      	cli
  1614 00000C2A 31C0                    	xor ax, ax
  1615 00000C2C 8EC0                    	mov es, ax
  1616 00000C2E A1[1501]                	mov ax, [oldTimer]
  1617 00000C31 26A32000                	mov [es:8*4], ax
  1618 00000C35 A1[1701]                	mov ax, [oldTimer+2]
  1619 00000C38 26A32200                	mov [es:8*4+2], ax
  1620                                  	
  1621 00000C3C A1[1901]                	mov ax, [oldKeyboard]
  1622 00000C3F 26A32400                	mov [es:9*4], ax
  1623 00000C43 A1[1B01]                	mov ax, [oldKeyboard+2]
  1624 00000C46 26A32600                	mov [es:9*4+2], ax
  1625 00000C4A FB                      	sti
  1626 00000C4B EB3B                    	jmp endGame
  1627                                  	
  1628                                  	 mPlayer:
  1629 00000C4D E8ADFD                  	 call printBoxM
  1630 00000C50 FA                      	 cli
  1631 00000C51 E8CDFD                  	 call hookKeyboardM
  1632 00000C54 E84BF9                  	 call hookTimer
  1633 00000C57 FB                      	 sti
  1634 00000C58 E865FF                  	 call escapeLoop
  1635 00000C5B E879F8                  	 call clrscr
  1636                                  	 
  1637 00000C5E FA                      	 cli
  1638 00000C5F 31C0                    	xor ax, ax
  1639 00000C61 8EC0                    	mov es, ax
  1640 00000C63 A1[1501]                	mov ax, [oldTimer]
  1641 00000C66 26A32000                	mov [es:8*4], ax
  1642 00000C6A 8B1E[1701]              	mov bx, [oldTimer+2]
  1643 00000C6E 26891E2200              	mov [es:8*4+2], bx
  1644                                  	
  1645 00000C73 8B0E[1901]              	mov cx, [oldKeyboard]
  1646 00000C77 26890E2400              	mov [es:9*4], cx
  1647 00000C7C 8B16[1B01]              	mov dx, [oldKeyboard+2]
  1648 00000C80 2689162600              	mov [es:9*4+2], dx
  1649 00000C85 FB                      	sti
  1650 00000C86 EB00                    	jmp endGame
  1651                                  	
  1652                                  	
  1653                                  	
  1654                                  endGame:
  1655 00000C88 E8CDF5                  call endMenu
  1656 00000C8B C706[1F01]0000          mov word [multiPlayer], 0
  1657 00000C91 C706[1D01]0000          mov word [singlePlayer], 0
  1658 00000C97 C706[2B01]0000          mov word [charBool1], 0
  1659 00000C9D C706[2D01]0000          mov word [charBool2], 0
  1660 00000CA3 C706[3101]0000          mov word [charBool4], 0
  1661 00000CA9 C706[2F01]0000          mov word [charBool3], 0
  1662 00000CAF C706[3301]0000          mov word [charBool5], 0
  1663 00000CB5 C706[6301]0000          mov word[matchLost], 0
  1664 00000CBB C706[6501]0000          mov word [matchWon], 0
  1665 00000CC1 C706[6701]0000          mov word [gameOver], 0
  1666 00000CC7 C706[5901]0000          mov word [score], 0
  1667 00000CCD C706[5B01]0000          mov word [missed], 0
  1668 00000CD3 C706[5D01]500F          mov word [boxPosition], 3920  ;for single player
  1669                                  
  1670 00000CD9 C706[5F01]280F          mov word [boxPosition2], 3880
  1671 00000CDF C706[6101]780F          mov word [boxPosition1], 3960
  1672                                  
  1673                                  
  1674                                  again1:
  1675                                  
  1676 00000CE5 B80000                  mov ax, 0
  1677 00000CE8 CD16                    int 16h
  1678 00000CEA 3C65                    cmp al, 'e'
  1679 00000CEC 740B                    je endgame1
  1680 00000CEE 3C72                    cmp al, 'r'
  1681 00000CF0 0F840BFF                je start 
  1682 00000CF4 E8E0F7                  call clrscr
  1683 00000CF7 EBEC                    jmp again1
  1684                                  
  1685                                  
  1686                                  endgame1:
  1687 00000CF9 BA[FF0B]                mov dx, start
  1688 00000CFC 83C20F                  add dx,15
  1689 00000CFF B104                    mov cl, 4
  1690 00000D01 D3EA                    shr dx, cl
  1691 00000D03 B80031                  mov ax, 0x3100
  1692 00000D06 CD21                    int 21h
